// Jest Snapshot v1, https://goo.gl/fbAQLP

exports[`CustomStatusBar renders correctly 1`] = `
<View
  style={
    Object {
      "backgroundColor": "red",
      "height": 44,
    }
  }
/>
`;
